Archive member included to satisfy reference by file (symbol)

c:/program files/microchip/xc8/v2.36/avr/bin/../lib/gcc/avr/5.4.0/../../../../avr/lib/avr5/memx-const\libm.a(addsf3.o)
                              MiddleWare/printf/printf.o (__subsf3)
c:/program files/microchip/xc8/v2.36/avr/bin/../lib/gcc/avr/5.4.0/../../../../avr/lib/avr5/memx-const\libm.a(addsf3x.o)
                              c:/program files/microchip/xc8/v2.36/avr/bin/../lib/gcc/avr/5.4.0/../../../../avr/lib/avr5/memx-const\libm.a(addsf3.o) (__addsf3x)
c:/program files/microchip/xc8/v2.36/avr/bin/../lib/gcc/avr/5.4.0/../../../../avr/lib/avr5/memx-const\libm.a(cmpsf2.o)
                              MiddleWare/printf/printf.o (__nesf2)
c:/program files/microchip/xc8/v2.36/avr/bin/../lib/gcc/avr/5.4.0/../../../../avr/lib/avr5/memx-const\libm.a(divsf3.o)
                              MiddleWare/printf/printf.o (__divsf3)
c:/program files/microchip/xc8/v2.36/avr/bin/../lib/gcc/avr/5.4.0/../../../../avr/lib/avr5/memx-const\libm.a(divsf3x.o)
                              c:/program files/microchip/xc8/v2.36/avr/bin/../lib/gcc/avr/5.4.0/../../../../avr/lib/avr5/memx-const\libm.a(divsf3.o) (__divsf3x)
c:/program files/microchip/xc8/v2.36/avr/bin/../lib/gcc/avr/5.4.0/../../../../avr/lib/avr5/memx-const\libm.a(fixsfsi.o)
                              MiddleWare/printf/printf.o (__fixsfsi)
c:/program files/microchip/xc8/v2.36/avr/bin/../lib/gcc/avr/5.4.0/../../../../avr/lib/avr5/memx-const\libm.a(fixunssfsi.o)
                              MiddleWare/printf/printf.o (__fixunssfsi)
c:/program files/microchip/xc8/v2.36/avr/bin/../lib/gcc/avr/5.4.0/../../../../avr/lib/avr5/memx-const\libm.a(floatsisf.o)
                              MiddleWare/printf/printf.o (__floatunsisf)
c:/program files/microchip/xc8/v2.36/avr/bin/../lib/gcc/avr/5.4.0/../../../../avr/lib/avr5/memx-const\libm.a(fp_cmp.o)
                              c:/program files/microchip/xc8/v2.36/avr/bin/../lib/gcc/avr/5.4.0/../../../../avr/lib/avr5/memx-const\libm.a(cmpsf2.o) (__fp_cmp)
c:/program files/microchip/xc8/v2.36/avr/bin/../lib/gcc/avr/5.4.0/../../../../avr/lib/avr5/memx-const\libm.a(fp_inf.o)
                              c:/program files/microchip/xc8/v2.36/avr/bin/../lib/gcc/avr/5.4.0/../../../../avr/lib/avr5/memx-const\libm.a(addsf3x.o) (__fp_inf)
c:/program files/microchip/xc8/v2.36/avr/bin/../lib/gcc/avr/5.4.0/../../../../avr/lib/avr5/memx-const\libm.a(fp_nan.o)
                              c:/program files/microchip/xc8/v2.36/avr/bin/../lib/gcc/avr/5.4.0/../../../../avr/lib/avr5/memx-const\libm.a(addsf3x.o) (__fp_nan)
c:/program files/microchip/xc8/v2.36/avr/bin/../lib/gcc/avr/5.4.0/../../../../avr/lib/avr5/memx-const\libm.a(fp_pscA.o)
                              c:/program files/microchip/xc8/v2.36/avr/bin/../lib/gcc/avr/5.4.0/../../../../avr/lib/avr5/memx-const\libm.a(addsf3x.o) (__fp_pscA)
c:/program files/microchip/xc8/v2.36/avr/bin/../lib/gcc/avr/5.4.0/../../../../avr/lib/avr5/memx-const\libm.a(fp_pscB.o)
                              c:/program files/microchip/xc8/v2.36/avr/bin/../lib/gcc/avr/5.4.0/../../../../avr/lib/avr5/memx-const\libm.a(addsf3x.o) (__fp_pscB)
c:/program files/microchip/xc8/v2.36/avr/bin/../lib/gcc/avr/5.4.0/../../../../avr/lib/avr5/memx-const\libm.a(fp_round.o)
                              c:/program files/microchip/xc8/v2.36/avr/bin/../lib/gcc/avr/5.4.0/../../../../avr/lib/avr5/memx-const\libm.a(addsf3.o) (__fp_round)
c:/program files/microchip/xc8/v2.36/avr/bin/../lib/gcc/avr/5.4.0/../../../../avr/lib/avr5/memx-const\libm.a(fp_split3.o)
                              c:/program files/microchip/xc8/v2.36/avr/bin/../lib/gcc/avr/5.4.0/../../../../avr/lib/avr5/memx-const\libm.a(addsf3x.o) (__fp_split3)
c:/program files/microchip/xc8/v2.36/avr/bin/../lib/gcc/avr/5.4.0/../../../../avr/lib/avr5/memx-const\libm.a(fp_zero.o)
                              c:/program files/microchip/xc8/v2.36/avr/bin/../lib/gcc/avr/5.4.0/../../../../avr/lib/avr5/memx-const\libm.a(addsf3x.o) (__fp_zero)
c:/program files/microchip/xc8/v2.36/avr/bin/../lib/gcc/avr/5.4.0/../../../../avr/lib/avr5/memx-const\libm.a(gesf2.o)
                              MiddleWare/printf/printf.o (__gesf2)
c:/program files/microchip/xc8/v2.36/avr/bin/../lib/gcc/avr/5.4.0/../../../../avr/lib/avr5/memx-const\libm.a(mulsf3.o)
                              MiddleWare/printf/printf.o (__mulsf3)
c:/program files/microchip/xc8/v2.36/avr/bin/../lib/gcc/avr/5.4.0/../../../../avr/lib/avr5/memx-const\libm.a(mulsf3x.o)
                              c:/program files/microchip/xc8/v2.36/avr/bin/../lib/gcc/avr/5.4.0/../../../../avr/lib/avr5/memx-const\libm.a(mulsf3.o) (__mulsf3x)
c:/program files/microchip/xc8/v2.36/avr/bin/../lib/gcc/avr/5.4.0/avr5/memx-const\libgcc.a(_divmodhi4.o)
                              MiddleWare/printf/printf.o (__divmodhi4)
c:/program files/microchip/xc8/v2.36/avr/bin/../lib/gcc/avr/5.4.0/avr5/memx-const\libgcc.a(_udivmodsi4.o)
[...]
Memory Configuration

Name             Origin             Length             Attributes
text             0x0000000000000000 0x0000000000008000 xr
data             0x0000000000800100 0x0000000000000800 rw !x
eeprom           0x0000000000810000 0x0000000000000400 rw !x
fuse             0x0000000000820000 0x0000000000000003 rw !x
lock             0x0000000000830000 0x0000000000000400 rw !x
signature        0x0000000000840000 0x0000000000000400 rw !x
user_signatures  0x0000000000850000 0x0000000000000400 rw !x
*default*        0x0000000000000000 0xffffffffffffffff

Linker script and memory map

Address of section .data set to 0x800100
LOAD C:/Program Files (x86)/Atmel/Studio/7.0/Packs/atmel/ATmega_DFP/1.7.374/xc8/avr/lib/avr5/memx-const/crtatmega324a.o
LOAD App/app_button.o
LOAD App/main.o
LOAD App/test_main.o
LOAD BSP/bsp_button.o
LOAD BSP/bsp_lcd.o
LOAD BSP/bsp_rtc.o
LOAD BSP/bsp_timer.o
LOAD BSP/bsp_uart.o
LOAD Driver/Components/gpio.o
LOAD Driver/Components/spi.o
LOAD Driver/Components/twi.o
LOAD Driver/Components/uart.o
LOAD Driver/Devices/ds1307.o
LOAD Driver/Devices/lcd_16_2_4bit.o
LOAD MiddleWare/printf/printf.o
LOAD test/test_lcd.o
LOAD test/test_rtc.o
START GROUP
LOAD c:/program files/microchip/xc8/v2.36/avr/bin/../lib/gcc/avr/5.4.0/../../../../avr/lib/avr5/memx-const\libm.a
END GROUP
START GROUP
LOAD c:/program files/microchip/xc8/v2.36/avr/bin/../lib/gcc/avr/5.4.0/avr5/memx-const\libgcc.a
LOAD c:/program files/microchip/xc8/v2.36/avr/bin/../lib/gcc/avr/5.4.0/../../../../avr/lib/avr5/memx-const\libm.a
LOAD c:/program files/microchip/xc8/v2.36/avr/bin/../lib/gcc/avr/5.4.0/../../../../avr/lib/avr5/memx-const\libc.a
LOAD C:/Program Files (x86)/Atmel/Studio/7.0/Packs/atmel/ATmega_DFP/1.7.374/xc8/avr/lib/avr5/memx-const\libatmega324a.a
END GROUP
                [0x0000000000000000]                __TEXT_REGION_ORIGIN__ = DEFINED (__TEXT_REGION_ORIGIN__)?__TEXT_REGION_ORIGIN__:0x0
                [0x0000000000800100]                __DATA_REGION_ORIGIN__ = DEFINED (__DATA_REGION_ORIGIN__)?__DATA_REGION_ORIGIN__:0x800060
                [0x0000000000008000]                __TEXT_REGION_LENGTH__ = DEFINED (__TEXT_REGION_LENGTH__)?__TEXT_REGION_LENGTH__:0x20000
                [0x0000000000000800]                __DATA_REGION_LENGTH__ = DEFINED (__DATA_REGION_LENGTH__)?__DATA_REGION_LENGTH__:0xffa0
                [0x0000000000000400]                __EEPROM_REGION_LENGTH__ = DEFINED (__EEPROM_REGION_LENGTH__)?__EEPROM_REGION_LENGTH__:0x10000
                [0x0000000000000003]                __FUSE_REGION_LENGTH__ = DEFINED (__FUSE_REGION_LENGTH__)?__FUSE_REGION_LENGTH__:0x400
                0x0000000000000400                __LOCK_REGION_LENGTH__ = DEFINED (__LOCK_REGION_LENGTH__)?__LOCK_REGION_LENGTH__:0x400
                0x0000000000000400                __SIGNATURE_REGION_LENGTH__ = DEFINED (__SIGNATURE_REGION_LENGTH__)?__SIGNATURE_REGION_LENGTH__:0x400
                0x0000000000000400                __USER_SIGNATURE_REGION_LENGTH__ = DEFINED (__USER_SIGNATURE_REGION_LENGTH__)?__USER_SIGNATURE_REGION_LENGTH__:0x400

.hash
 *(.hash)

.dynsym
 *(.dynsym)

.dynstr
 *(.dynstr)

.gnu.version
 *(.gnu.version)

.gnu.version_d
 *(.gnu.version_d)

.gnu.version_r
 *(.gnu.version_r)

.rel.init
 *(.rel.init)

.rela.init
 *(.rela.init)

.rel.text
 *(.rel.text)
 *(.rel.text.*)
 *(.rel.gnu.linkonce.t*)

.rela.text
 *(.rela.text)
 *(.rela.text.*)
 *(.rela.gnu.linkonce.t*)

.rel.fini
 *(.rel.fini)

.rela.fini
 *(.rela.fini)

.rel.rodata
 *(.rel.rodata)
 *(.rel.rodata.*)
 *(.rel.gnu.linkonce.r*)

.rela.rodata
 *(.rela.rodata)
 *(.rela.rodata.*)
 *(.rela.gnu.linkonce.r*)

.rel.data
 *(.rel.data)
 *(.rel.data.*)
 *(.rel.gnu.linkonce.d*)

.rela.data
 *(.rela.data)
 *(.rela.data.*)
 *(.rela.gnu.linkonce.d*)

.rel.ctors
 *(.rel.ctors)

.rela.ctors
 *(.rela.ctors)

.rel.dtors
 *(.rel.dtors)

.rela.dtors
 *(.rela.dtors)

.rel.got
 *(.rel.got)

.rela.got
 *(.rela.got)

.rel.bss
 *(.rel.bss)

.rela.bss
 *(.rela.bss)

.rel.plt
 *(.rel.plt)

.rela.plt
 *(.rela.plt)

.text           0x0000000000000000      0x190
 *(.vectors)
 .vectors       0x0000000000000000       0x7c C:/Program Files (x86)/Atmel/Studio/7.0/Packs/atmel/ATmega_DFP/1.7.374/xc8/avr/lib/avr5/memx-const/crtatmega324a.o
                0x0000000000000000                __vector_default
                0x0000000000000000                __vectors
 *(.vectors)
 *(.progmem.gcc*)
 .progmem.gcc_sw_table._vsnprintf
                0x000000000000007c       0xa8 MiddleWare/printf/printf.o
 *(.dinit)
 .dinit         0x0000000000000124       0x18 data_init
                0x000000000000013c                . = ALIGN (0x2)
                0x000000000000013c                __trampolines_start = .
 *(.trampolines)
 .trampolines   0x000000000000013c        0x0 linker stubs
 *(.trampolines*)
                0x000000000000013c                __trampolines_end = .
 *libprintf_flt.a:*(.progmem.data)
 *libc.a:*(.progmem.data)
                0x000000000000013c                . = ALIGN (0x2)
 *(.jumptables)
 *(.jumptables*)
 *(.lowtext)
 *(.lowtext*)
                0x000000000000013c                __ctors_start = .
 *(.ctors)
                0x000000000000013c                __ctors_end = .
                0x000000000000013c                __dtors_start = .
 *(.dtors)
                0x000000000000013c                __dtors_end = .
 SORT(*)(.ctors)
 SORT(*)(.dtors)
 *(.init0)
 .init0         0x000000000000013c        0x0 C:/Program Files (x86)/Atmel/Studio/7.0/Packs/atmel/ATmega_DFP/1.7.374/xc8/avr/lib/avr5/memx-const/crtatmega324a.o
                0x000000000000013c                __init
 *(.init0)
 *(.init1)
 *(.init1)
 *(.init2)
 .init2         0x000000000000013c        0xc C:/Program Files (x86)/Atmel/Studio/7.0/Packs/atmel/ATmega_DFP/1.7.374/xc8/avr/lib/avr5/memx-const/crtatmega324a.o
 *(.init2)
 *(.init3)
 *(.init3)
 *(.init4)
 .init4         0x0000000000000148       0x3c c:/program files/microchip/xc8/v2.36/avr/bin/../lib/gcc/avr/5.4.0/avr5/memx-const\libgcc.a(_copy_data.o)
                0x0000000000000148                __do_copy_data
                0x0000000000000176                __do_clear_bss
 *(.init4)
 *(.init5)
 *(.init5)
 *(.init6)
 *(.init6)
 *(.init7)
 *(.init7)
 *(.init8)
 *(.init8)
 *(.init9)
 .init9         0x0000000000000184        0x8 C:/Program Files (x86)/Atmel/Studio/7.0/Packs/atmel/ATmega_DFP/1.7.374/xc8/avr/lib/avr5/memx-const/crtatmega324a.o
 *(.init9)
                0x000000000000018c                . = ALIGN (0x2)
 *(.fini9)
 .fini9         0x000000000000018c        0x0 c:/program files/microchip/xc8/v2.36/avr/bin/../lib/gcc/avr/5.4.0/avr5/memx-const\libgcc.a(_exit.o)
                0x000000000000018c                _exit
 *(.fini9)
 *(.fini8)
 *(.fini8)
 *(.fini7)
 *(.fini7)
 *(.fini6)
 *(.fini6)
 *(.fini5)
 *(.fini5)
 *(.fini4)
 *(.fini4)
 *(.fini3)
 *(.fini3)
 *(.fini2)
 *(.fini2)
 *(.fini1)
 *(.fini1)
 *(.fini0)
 .fini0         0x000000000000018c        0x4 c:/program files/microchip/xc8/v2.36/avr/bin/../lib/gcc/avr/5.4.0/avr5/memx-const\libgcc.a(_exit.o)
 *(.fini0)
                0x0000000000000190                _etext = .

.data           0x0000000000800100        0x0 load address 0x0000000000000190
                [!provide]                        PROVIDE (__data_start, .)
 *(.gnu.linkonce.d*)
 *(.gnu.linkonce.r*)
                0x0000000000800100                . = ALIGN (0x2)
                0x0000000000800100                _edata = .
                [!provide]                        PROVIDE (__data_end, .)

.bss            0x0000000000800100        0x2
                [!provide]                        PROVIDE (__bss_start, .)
 *(COMMON)
 COMMON         0x0000000000800100        0x2 App/app_button.o
                0x0000000000800100                app_button_timer_count
                [!provide]                        PROVIDE (__bss_end, .)
                0x0000000000000190                __data_load_start = LOADADDR (.data)
                0x0000000000000190                __data_load_end = (__data_load_start + SIZEOF (.data))

.noinit         0x0000000000800102        0x0
                [!provide]                        PROVIDE (__noinit_start, .)
 *(.noinit*)
                [!provide]                        PROVIDE (__noinit_end, .)
                0x0000000000800102                _end = .

.eeprom         0x0000000000810000        0x0
 *(.eeprom*)
                0x0000000000810000                __eeprom_end = .

.fuse
 *(.fuse)
 *(.lfuse)
 *(.hfuse)
 *(.efuse)

.lock
 *(.lock*)

.signature
 *(.signature*)

.user_signatures
 *(.user_signatures*)

.stab
 *(.stab)

.stabstr
 *(.stabstr)

.stab.excl
 *(.stab.excl)

.stab.exclstr
 *(.stab.exclstr)

.stab.index
 *(.stab.index)

.stab.indexstr
 *(.stab.indexstr)

.comment        0x0000000000000000       0x2f
 *(.comment)
 .comment       0x0000000000000000       0x2f App/app_button.o
                                         0x30 (size before relaxing)
 .comment       0x000000000000002f       0x30 App/main.o
 .comment       0x000000000000002f       0x30 BSP/bsp_button.o
 .comment       0x000000000000002f       0x30 BSP/bsp_lcd.o
 .comment       0x000000000000002f       0x30 BSP/bsp_rtc.o
 .comment       0x000000000000002f       0x30 BSP/bsp_timer.o
 .comment       0x000000000000002f       0x30 BSP/bsp_uart.o
 .comment       0x000000000000002f       0x30 Driver/Components/twi.o
 .comment       0x000000000000002f       0x30 Driver/Components/uart.o
 .comment       0x000000000000002f       0x30 Driver/Devices/ds1307.o
 .comment       0x000000000000002f       0x30 Driver/Devices/lcd_16_2_4bit.o
 .comment       0x000000000000002f       0x30 MiddleWare/printf/printf.o
 .comment       0x000000000000002f       0x30 c:/program files/microchip/xc8/v2.36/avr/bin/../lib/gcc/avr/5.4.0/../../../../avr/lib/avr5/memx-const\libc.a(exit.o)
 .comment       0x000000000000002f       0x30 c:/program files/microchip/xc8/v2.36/avr/bin/../lib/gcc/avr/5.4.0/../../../../avr/lib/avr5/memx-const\libc.a(_Exit.o)

.stack.descriptors.hdr
                0x0000000000000000      0x1b2
 .stack.descriptors.hdr
                0x0000000000000000        0xe c:/program files/microchip/xc8/v2.36/avr/bin/../lib/gcc/avr/5.4.0/../../../../avr/lib/avr5/memx-const\libm.a(addsf3.o)
 .stack.descriptors.hdr
                0x000000000000000e        0xe c:/program files/microchip/xc8/v2.36/avr/bin/../lib/gcc/avr/5.4.0/../../../../avr/lib/avr5/memx-const\libm.a(addsf3x.o)
 .stack.descriptors.hdr
                0x000000000000001c        0xe c:/program files/microchip/xc8/v2.36/avr/bin/../lib/gcc/avr/5.4.0/../../../../avr/lib/avr5/memx-const\libm.a(cmpsf2.o)
 .stack.descriptors.hdr
                0x000000000000002a        0xe c:/program files/microchip/xc8/v2.36/avr/bin/../lib/gcc/avr/5.4.0/../../../../avr/lib/avr5/memx-const\libm.a(divsf3.o)
 .stack.descriptors.hdr
                0x0000000000000038        0xe c:/program files/microchip/xc8/v2.36/avr/bin/../lib/gcc/avr/5.4.0/../../../../avr/lib/avr5/memx-const\libm.a(divsf3x.o)
 .stack.descriptors.hdr
                0x0000000000000046        0xe c:/program files/microchip/xc8/v2.36/avr/bin/../lib/gcc/avr/5.4.0/../../../../avr/lib/avr5/memx-const\libm.a(fixsfsi.o)
 .stack.descriptors.hdr
                0x0000000000000054        0xe c:/program files/microchip/xc8/v2.36/avr/bin/../lib/gcc/avr/5.4.0/../../../../avr/lib/avr5/memx-const\libm.a(fixunssfsi.o)
 .stack.descriptors.hdr
                0x0000000000000062        0xe c:/program files/microchip/xc8/v2.36/avr/bin/../lib/gcc/avr/5.4.0/../../../../avr/lib/avr5/memx-const\libm.a(floatsisf.o)
 .stack.descriptors.hdr
                0x0000000000000070        0xe c:/program files/microchip/xc8/v2.36/avr/bin/../lib/gcc/avr/5.4.0/../../../../avr/lib/avr5/memx-const\libm.a(fp_cmp.o)
 .stack.descriptors.hdr
                0x000000000000007e        0xe c:/program files/microchip/xc8/v2.36/avr/bin/../lib/gcc/avr/5.4.0/../../../../avr/lib/avr5/memx-const\libm.a(fp_inf.o)
 .stack.descriptors.hdr
                0x000000000000008c        0xe c:/program files/microchip/xc8/v2.36/avr/bin/../lib/gcc/avr/5.4.0/../../../../avr/lib/avr5/memx-const\libm.a(fp_nan.o)
 .stack.descriptors.hdr
                0x000000000000009a        0xe c:/program files/microchip/xc8/v2.36/avr/bin/../lib/gcc/avr/5.4.0/../../../../avr/lib/avr5/memx-const\libm.a(fp_pscA.o)
 .stack.descriptors.hdr
                0x00000000000000a8        0xe c:/program files/microchip/xc8/v2.36/avr/bin/../lib/gcc/avr/5.4.0/../../../../avr/lib/avr5/memx-const\libm.a(fp_pscB.o)
 .stack.descriptors.hdr
                0x00000000000000b6        0xe c:/program files/microchip/xc8/v2.36/avr/bin/../lib/gcc/avr/5.4.0/../../../../avr/lib/avr5/memx-const\libm.a(fp_round.o)
 .stack.descriptors.hdr
                0x00000000000000c4        0xe c:/program files/microchip/xc8/v2.36/avr/bin/../lib/gcc/avr/5.4.0/../../../../avr/lib/avr5/memx-const\libm.a(fp_split3.o)
 .stack.descriptors.hdr
                0x00000000000000d2        0xe c:/program files/microchip/xc8/v2.36/avr/bin/../lib/gcc/avr/5.4.0/../../../../avr/lib/avr5/memx-const\libm.a(fp_zero.o)
 .stack.descriptors.hdr
                0x00000000000000e0        0xe c:/program files/microchip/xc8/v2.36/avr/bin/../lib/gcc/avr/5.4.0/../../../../avr/lib/avr5/memx-const\libm.a(gesf2.o)
 .stack.descriptors.hdr
                0x00000000000000ee        0xe c:/program files/microchip/xc8/v2.36/avr/bin/../lib/gcc/avr/5.4.0/../../../../avr/lib/avr5/memx-const\libm.a(mulsf3.o)
 .stack.descriptors.hdr
                0x00000000000000fc        0xe c:/program files/microchip/xc8/v2.36/avr/bin/../lib/gcc/avr/5.4.0/../../../../avr/lib/avr5/memx-const\libm.a(mulsf3x.o)
 .stack.descriptors.hdr
                0x000000000000010a        0xe c:/program files/microchip/xc8/v2.36/avr/bin/../lib/gcc/avr/5.4.0/avr5/memx-const\libgcc.a(_divmodhi4.o)
 .stack.descriptors.hdr
                0x0000000000000118        0xe c:/program files/microchip/xc8/v2.36/avr/bin/../lib/gcc/avr/5.4.0/avr5/memx-const\libgcc.a(_udivmodsi4.o)
 .stack.descriptors.hdr
                0x0000000000000126        0xe c:/program files/microchip/xc8/v2.36/avr/bin/../lib/gcc/avr/5.4.0/avr5/memx-const\libgcc.a(_tablejump2.o)
 .stack.descriptors.hdr
                0x0000000000000134        0xe c:/program files/microchip/xc8/v2.36/avr/bin/../lib/gcc/avr/5.4.0/avr5/memx-const\libgcc.a(_udivdi3.o)
 .stack.descriptors.hdr
                0x0000000000000142        0xe c:/program files/microchip/xc8/v2.36/avr/bin/../lib/gcc/avr/5.4.0/avr5/memx-const\libgcc.a(_udivmod64.o)
 .stack.descriptors.hdr
                0x0000000000000150        0xe c:/program files/microchip/xc8/v2.36/avr/bin/../lib/gcc/avr/5.4.0/avr5/memx-const\libgcc.a(_negdi2.o)
 .stack.descriptors.hdr
                0x000000000000015e        0xe c:/program files/microchip/xc8/v2.36/avr/bin/../lib/gcc/avr/5.4.0/avr5/memx-const\libgcc.a(_xload_4.o)
 .stack.descriptors.hdr
                0x000000000000016c        0xe c:/program files/microchip/xc8/v2.36/avr/bin/../lib/gcc/avr/5.4.0/avr5/memx-const\libgcc.a(_ashldi3.o)
 .stack.descriptors.hdr
                0x000000000000017a        0xe c:/program files/microchip/xc8/v2.36/avr/bin/../lib/gcc/avr/5.4.0/avr5/memx-const\libgcc.a(_ashrdi3.o)
 .stack.descriptors.hdr
                0x0000000000000188        0xe c:/program files/microchip/xc8/v2.36/avr/bin/../lib/gcc/avr/5.4.0/avr5/memx-const\libgcc.a(_cmpdi2_s8.o)
 .stack.descriptors.hdr
                0x0000000000000196        0xe c:/program files/microchip/xc8/v2.36/avr/bin/../lib/gcc/avr/5.4.0/avr5/memx-const\libgcc.a(_udivmodhi4.o)
 .stack.descriptors.hdr
                0x00000000000001a4        0xe c:/program files/microchip/xc8/v2.36/avr/bin/../lib/gcc/avr/5.4.0/avr5/memx-const\libgcc.a(_exit.o)

.note.GNU-stack
                0x0000000000000000        0x0
 .note.GNU-stack
                0x0000000000000000        0x0 c:/program files/microchip/xc8/v2.36/avr/bin/../lib/gcc/avr/5.4.0/../../../../avr/lib/avr5/memx-const\libm.a(addsf3.o)
 .note.GNU-stack
                0x0000000000000000        0x0 c:/program files/microchip/xc8/v2.36/avr/bin/../lib/gcc/avr/5.4.0/../../../../avr/lib/avr5/memx-const\libm.a(addsf3x.o)
 .note.GNU-stack
                0x0000000000000000        0x0 c:/program files/microchip/xc8/v2.36/avr/bin/../lib/gcc/avr/5.4.0/../../../../avr/lib/avr5/memx-const\libm.a(cmpsf2.o)
 .note.GNU-stack
                0x0000000000000000        0x0 c:/program files/microchip/xc8/v2.36/avr/bin/../lib/gcc/avr/5.4.0/../../../../avr/lib/avr5/memx-const\libm.a(divsf3.o)
 .note.GNU-stack
                0x0000000000000000        0x0 c:/program files/microchip/xc8/v2.36/avr/bin/../lib/gcc/avr/5.4.0/../../../../avr/lib/avr5/memx-const\libm.a(divsf3x.o)
 .note.GNU-stack
                0x0000000000000000        0x0 c:/program files/microchip/xc8/v2.36/avr/bin/../lib/gcc/avr/5.4.0/../../../../avr/lib/avr5/memx-const\libm.a(fixsfsi.o)
 .note.GNU-stack
                0x0000000000000000        0x0 c:/program files/microchip/xc8/v2.36/avr/bin/../lib/gcc/avr/5.4.0/../../../../avr/lib/avr5/memx-const\libm.a(fixunssfsi.o)
 .note.GNU-stack
                0x0000000000000000        0x0 c:/program files/microchip/xc8/v2.36/avr/bin/../lib/gcc/avr/5.4.0/../../../../avr/lib/avr5/memx-const\libm.a(floatsisf.o)
 .note.GNU-stack
                0x0000000000000000        0x0 c:/program files/microchip/xc8/v2.36/avr/bin/../lib/gcc/avr/5.4.0/../../../../avr/lib/avr5/memx-const\libm.a(fp_cmp.o)
 .note.GNU-stack
                0x0000000000000000        0x0 c:/program files/microchip/xc8/v2.36/avr/bin/../lib/gcc/avr/5.4.0/../../../../avr/lib/avr5/memx-const\libm.a(fp_inf.o)
 .note.GNU-stack
                0x0000000000000000        0x0 c:/program files/microchip/xc8/v2.36/avr/bin/../lib/gcc/avr/5.4.0/../../../../avr/lib/avr5/memx-const\libm.a(fp_nan.o)
 .note.GNU-stack
                0x0000000000000000        0x0 c:/program files/microchip/xc8/v2.36/avr/bin/../lib/gcc/avr/5.4.0/../../../../avr/lib/avr5/memx-const\libm.a(fp_pscA.o)
 .note.GNU-stack
                0x0000000000000000        0x0 c:/program files/microchip/xc8/v2.36/avr/bin/../lib/gcc/avr/5.4.0/../../../../avr/lib/avr5/memx-const\libm.a(fp_pscB.o)
 .note.GNU-stack
                0x0000000000000000        0x0 c:/program files/microchip/xc8/v2.36/avr/bin/../lib/gcc/avr/5.4.0/../../../../avr/lib/avr5/memx-const\libm.a(fp_round.o)
 .note.GNU-stack
                0x0000000000000000        0x0 c:/program files/microchip/xc8/v2.36/avr/bin/../lib/gcc/avr/5.4.0/../../../../avr/lib/avr5/memx-const\libm.a(fp_split3.o)
 .note.GNU-stack
                0x0000000000000000        0x0 c:/program files/microchip/xc8/v2.36/avr/bin/../lib/gcc/avr/5.4.0/../../../../avr/lib/avr5/memx-const\libm.a(fp_zero.o)
 .note.GNU-stack
                0x0000000000000000        0x0 c:/program files/microchip/xc8/v2.36/avr/bin/../lib/gcc/avr/5.4.0/../../../../avr/lib/avr5/memx-const\libm.a(gesf2.o)
 .note.GNU-stack
                0x0000000000000000        0x0 c:/program files/microchip/xc8/v2.36/avr/bin/../lib/gcc/avr/5.4.0/../../../../avr/lib/avr5/memx-const\libm.a(mulsf3.o)
 .note.GNU-stack
                0x0000000000000000        0x0 c:/program files/microchip/xc8/v2.36/avr/bin/../lib/gcc/avr/5.4.0/../../../../avr/lib/avr5/memx-const\libm.a(mulsf3x.o)
 .note.GNU-stack
                0x0000000000000000        0x0 c:/program files/microchip/xc8/v2.36/avr/bin/../lib/gcc/avr/5.4.0/../../../../avr/lib/avr5/memx-const\libc.a(exit.o)
 .note.GNU-stack
                0x0000000000000000        0x0 c:/program files/microchip/xc8/v2.36/avr/bin/../lib/gcc/avr/5.4.0/../../../../avr/lib/avr5/memx-const\libc.a(_Exit.o)

.note.gnu.build-id
 *(.note.gnu.build-id)

.debug
 *(.debug)

.line
 *(.line)

.debug_srcinfo
 *(.debug_srcinfo)

.debug_sfnames
 *(.debug_sfnames)

.debug_aranges  0x0000000000000000      0x390
 *(.debug_aranges)
 .debug_aranges
                0x0000000000000000       0x28 App/app_button.o
 .debug_aranges
                0x0000000000000028       0x20 App/main.o
 .debug_aranges
                0x0000000000000048       0x28 BSP/bsp_button.o
 .debug_aranges
                0x0000000000000070       0x58 BSP/bsp_lcd.o
 .debug_aranges
                0x00000000000000c8       0x28 BSP/bsp_rtc.o
 .debug_aranges
                0x00000000000000f0       0x38 BSP/bsp_timer.o
 .debug_aranges
                0x0000000000000128       0x28 BSP/bsp_uart.o
 .debug_aranges
                0x0000000000000150       0x50 Driver/Components/twi.o
 .debug_aranges
                0x00000000000001a0       0x40 Driver/Components/uart.o
 .debug_aranges
                0x00000000000001e0       0x60 Driver/Devices/ds1307.o
 .debug_aranges
                0x0000000000000240       0xa8 Driver/Devices/lcd_16_2_4bit.o
 .debug_aranges
                0x00000000000002e8       0xa8 MiddleWare/printf/printf.o

.debug_pubnames
 *(.debug_pubnames)

.debug_info     0x0000000000000000     0x5bbd
 *(.debug_info .gnu.linkonce.wi.*)
 .debug_info    0x0000000000000000      0x6cc C:/Program Files (x86)/Atmel/Studio/7.0/Packs/atmel/ATmega_DFP/1.7.374/xc8/avr/lib/avr5/memx-const/crtatmega324a.o
 .debug_info    0x00000000000006cc      0x3c1 App/app_button.o
 .debug_info    0x0000000000000a8d      0x52b App/main.o
 .debug_info    0x0000000000000fb8      0x2ae BSP/bsp_button.o
 .debug_info    0x0000000000001266      0x6f7 BSP/bsp_lcd.o
 .debug_info    0x000000000000195d      0x3ea BSP/bsp_rtc.o
 .debug_info    0x0000000000001d47      0x3b9 BSP/bsp_timer.o
 .debug_info    0x0000000000002100      0x326 BSP/bsp_uart.o
 .debug_info    0x0000000000002426      0x3b8 Driver/Components/twi.o
 .debug_info    0x00000000000027de      0x432 Driver/Components/uart.o
 .debug_info    0x0000000000002c10      0x9fc Driver/Devices/ds1307.o
 .debug_info    0x000000000000360c      0x851 Driver/Devices/lcd_16_2_4bit.o
 .debug_info    0x0000000000003e5d     0x1d60 MiddleWare/printf/printf.o

.debug_abbrev   0x0000000000000000     0x12b9
 *(.debug_abbrev)
 .debug_abbrev  0x0000000000000000      0x66e C:/Program Files (x86)/Atmel/Studio/7.0/Packs/atmel/ATmega_DFP/1.7.374/xc8/avr/lib/avr5/memx-const/crtatmega324a.o
 .debug_abbrev  0x000000000000066e       0xb3 App/app_button.o
 .debug_abbrev  0x0000000000000721       0xc0 App/main.o
 .debug_abbrev  0x00000000000007e1       0x60 BSP/bsp_button.o
 .debug_abbrev  0x0000000000000841      0x112 BSP/bsp_lcd.o
 .debug_abbrev  0x0000000000000953       0xca BSP/bsp_rtc.o
 .debug_abbrev  0x0000000000000a1d      0x104 BSP/bsp_timer.o
 .debug_abbrev  0x0000000000000b21       0x73 BSP/bsp_uart.o
 .debug_abbrev  0x0000000000000b94       0xb2 Driver/Components/twi.o
 .debug_abbrev  0x0000000000000c46       0xcf Driver/Components/uart.o
 .debug_abbrev  0x0000000000000d15      0x162 Driver/Devices/ds1307.o
 .debug_abbrev  0x0000000000000e77      0x13d Driver/Devices/lcd_16_2_4bit.o
 .debug_abbrev  0x0000000000000fb4      0x305 MiddleWare/printf/printf.o

.debug_line     0x0000000000000000     0x1f65
 *(.debug_line .debug_line.* .debug_line_end)
 .debug_line    0x0000000000000000      0x155 C:/Program Files (x86)/Atmel/Studio/7.0/Packs/atmel/ATmega_DFP/1.7.374/xc8/avr/lib/avr5/memx-const/crtatmega324a.o
 .debug_line    0x0000000000000155      0x12e App/app_button.o
 .debug_line    0x0000000000000283      0x17c App/main.o
 .debug_line    0x00000000000003ff       0xbd BSP/bsp_button.o
 .debug_line    0x00000000000004bc      0x16d BSP/bsp_lcd.o
 .debug_line    0x0000000000000629       0xc1 BSP/bsp_rtc.o
 .debug_line    0x00000000000006ea      0x14d BSP/bsp_timer.o
 .debug_line    0x0000000000000837       0x7a BSP/bsp_uart.o
 .debug_line    0x00000000000008b1      0x1a0 Driver/Components/twi.o
 .debug_line    0x0000000000000a51      0x192 Driver/Components/uart.o
 .debug_line    0x0000000000000be3      0x2b4 Driver/Devices/ds1307.o
 .debug_line    0x0000000000000e97      0x2c6 Driver/Devices/lcd_16_2_4bit.o
 .debug_line    0x000000000000115d      0xe08 MiddleWare/printf/printf.o

.debug_frame    0x0000000000000000      0xaa0
 *(.debug_frame)
 .debug_frame   0x0000000000000000       0x34 App/app_button.o
 .debug_frame   0x0000000000000034       0x34 App/main.o
 .debug_frame   0x0000000000000068       0x34 BSP/bsp_button.o
 .debug_frame   0x000000000000009c       0xac BSP/bsp_lcd.o
 .debug_frame   0x0000000000000148       0x40 BSP/bsp_rtc.o
 .debug_frame   0x0000000000000188       0x9c BSP/bsp_timer.o
 .debug_frame   0x0000000000000224       0x34 BSP/bsp_uart.o
 .debug_frame   0x0000000000000258       0x84 Driver/Components/twi.o
 .debug_frame   0x00000000000002dc       0xb4 Driver/Components/uart.o
 .debug_frame   0x0000000000000390      0x118 Driver/Devices/ds1307.o
 .debug_frame   0x00000000000004a8      0x150 Driver/Devices/lcd_16_2_4bit.o
 .debug_frame   0x00000000000005f8      0x4a8 MiddleWare/printf/printf.o

.debug_str      0x0000000000000000      0x424
 *(.debug_str)
 .debug_str     0x0000000000000000      0x255 C:/Program Files (x86)/Atmel/Studio/7.0/Packs/atmel/ATmega_DFP/1.7.374/xc8/avr/lib/avr5/memx-const/crtatmega324a.o
 .debug_str     0x0000000000000255       0x1b App/app_button.o
 .debug_str     0x0000000000000270       0xb1 App/main.o
 .debug_str     0x0000000000000321        0x0 BSP/bsp_button.o
 .debug_str     0x0000000000000321        0x0 BSP/bsp_lcd.o
 .debug_str     0x0000000000000321       0x3b BSP/bsp_rtc.o
 .debug_str     0x000000000000035c        0x0 BSP/bsp_timer.o
 .debug_str     0x000000000000035c       0x18 BSP/bsp_uart.o
 .debug_str     0x0000000000000374        0x0 Driver/Components/twi.o
 .debug_str     0x0000000000000374        0x0 Driver/Components/uart.o
 .debug_str     0x0000000000000374       0x5e Driver/Devices/ds1307.o
 .debug_str     0x00000000000003d2        0x0 Driver/Devices/lcd_16_2_4bit.o
 .debug_str     0x00000000000003d2       0x52 MiddleWare/printf/printf.o

.debug_loc      0x0000000000000000     0x3b2a
 *(.debug_loc)
 .debug_loc     0x0000000000000000       0x47 App/main.o
 .debug_loc     0x0000000000000047      0x407 BSP/bsp_lcd.o
 .debug_loc     0x000000000000044e       0x8b BSP/bsp_rtc.o
 .debug_loc     0x00000000000004d9      0x140 BSP/bsp_timer.o
 .debug_loc     0x0000000000000619       0x21 BSP/bsp_uart.o
 .debug_loc     0x000000000000063a       0x50 Driver/Components/twi.o
 .debug_loc     0x000000000000068a      0x25a Driver/Components/uart.o
 .debug_loc     0x00000000000008e4      0x437 Driver/Devices/ds1307.o
 .debug_loc     0x0000000000000d1b      0x200 Driver/Devices/lcd_16_2_4bit.o
 .debug_loc     0x0000000000000f1b     0x2c0f MiddleWare/printf/printf.o

.debug_macinfo
 *(.debug_macinfo)

.debug_weaknames
 *(.debug_weaknames)

.debug_funcnames
 *(.debug_funcnames)

.debug_typenames
 *(.debug_typenames)

.debug_varnames
 *(.debug_varnames)

.debug_pubtypes
 *(.debug_pubtypes)

.debug_ranges   0x0000000000000000      0x360
 *(.debug_ranges)
 .debug_ranges  0x0000000000000000       0x18 App/app_button.o
 .debug_ranges  0x0000000000000018       0x10 App/main.o
 .debug_ranges  0x0000000000000028       0x18 BSP/bsp_button.o
 .debug_ranges  0x0000000000000040       0x60 BSP/bsp_lcd.o
 .debug_ranges  0x00000000000000a0       0x18 BSP/bsp_rtc.o
 .debug_ranges  0x00000000000000b8       0x28 BSP/bsp_timer.o
 .debug_ranges  0x00000000000000e0       0x18 BSP/bsp_uart.o
 .debug_ranges  0x00000000000000f8       0x40 Driver/Components/twi.o
 .debug_ranges  0x0000000000000138       0x30 Driver/Components/uart.o
 .debug_ranges  0x0000000000000168       0x50 Driver/Devices/ds1307.o
 .debug_ranges  0x00000000000001b8       0x98 Driver/Devices/lcd_16_2_4bit.o
 .debug_ranges  0x0000000000000250      0x110 MiddleWare/printf/printf.o

.debug_macro
 *(.debug_macro)
OUTPUT(clock.elf elf32-avr)
LOAD linker stubs
LOAD data_init

.note.gnu.avr.deviceinfo
                0x0000000000000000       0x40
 .note.gnu.avr.deviceinfo
                0x0000000000000000       0x40 C:/Program Files (x86)/Atmel/Studio/7.0/Packs/atmel/ATmega_DFP/1.7.374/xc8/avr/lib/avr5/memx-const/crtatmega324a.o

.bss.sys_time_count
                0x0000000000800109        0x4
 .bss.sys_time_count
                0x0000000000800109        0x4 BSP/bsp_timer.o
                0x0000000000800109                sys_time_count

.progmemx.data  0x0000000000000190       0x3b
 .progmemx.data
                0x0000000000000190       0x3b App/main.o

.progmemx.data.pow10.1780
                0x00000000000001cb       0x28
 .progmemx.data.pow10.1780
                0x00000000000001cb       0x28 MiddleWare/printf/printf.o

.progmemx.data  0x00000000000001f3       0x12
 .progmemx.data
                0x00000000000001f3       0x12 MiddleWare/printf/printf.o

.data.state     0x000000000080010d        0x1 load address 0x0000000000000205
 .data.state    0x000000000080010d        0x1 App/app_button.o

.text._vsnprintf
                0x0000000000000206      0xa8a
 .text._vsnprintf
                0x0000000000000206      0xa8a MiddleWare/printf/printf.o

.text._etoa     0x0000000000000c90      0x56a
 .text._etoa    0x0000000000000c90      0x56a MiddleWare/printf/printf.o

.text._ftoa     0x00000000000011fa      0x50a
 .text._ftoa    0x00000000000011fa      0x50a MiddleWare/printf/printf.o

.text._ntoa_long_long
                0x0000000000001704      0x234
 .text._ntoa_long_long
                0x0000000000001704      0x234 MiddleWare/printf/printf.o

.text._ntoa_format
                0x0000000000001938      0x1c6
 .text._ntoa_format
                0x0000000000001938      0x1c6 MiddleWare/printf/printf.o

.text._ntoa_long
                0x0000000000001afe      0x14c
 .text._ntoa_long
                0x0000000000001afe      0x14c MiddleWare/printf/printf.o

.text._out_rev  0x0000000000001c4a      0x116
 .text._out_rev
                0x0000000000001c4a      0x116 MiddleWare/printf/printf.o

.text.DS1307_setDateTime
                0x0000000000001d60      0x110
 .text.DS1307_setDateTime
                0x0000000000001d60      0x110 Driver/Devices/ds1307.o
                0x0000000000001d60                DS1307_setDateTime

.text           0x0000000000001e70       0xde
 .text          0x0000000000001e70       0xde c:/program files/microchip/xc8/v2.36/avr/bin/../lib/gcc/avr/5.4.0/../../../../avr/lib/avr5/memx-const\libm.a(divsf3x.o)
                0x0000000000001e70                __divsf3x
                0x0000000000001e98                __divsf3_pse

.text           0x0000000000001f4e       0xd4
 .text          0x0000000000001f4e       0xd4 c:/program files/microchip/xc8/v2.36/avr/bin/../lib/gcc/avr/5.4.0/../../../../avr/lib/avr5/memx-const\libm.a(mulsf3x.o)
                0x0000000000001f4e                __mulsf3x
                0x0000000000001f74                __mulsf3_pse

.text.main      0x0000000000002022       0xce
 .text.main     0x0000000000002022       0xce App/main.o
                0x0000000000002022                main

.text           0x00000000000020f0       0xce
 .text          0x00000000000020f0       0xce c:/program files/microchip/xc8/v2.36/avr/bin/../lib/gcc/avr/5.4.0/../../../../avr/lib/avr5/memx-const\libm.a(addsf3x.o)
                0x00000000000020f0                __addsf3x

.text.DS1307_getDateTime
                0x00000000000021be       0xba
 .text.DS1307_getDateTime
                0x00000000000021be       0xba Driver/Devices/ds1307.o
                0x00000000000021be                DS1307_getDateTime

.text.libgcc.div
                0x0000000000002278       0xa2
 .text.libgcc.div
                0x0000000000002278       0xa2 c:/program files/microchip/xc8/v2.36/avr/bin/../lib/gcc/avr/5.4.0/avr5/memx-const\libgcc.a(_udivmod64.o)
                0x0000000000002278                __udivmod64

.text.app_button_update
                0x000000000000231a       0xa0
 .text.app_button_update
                0x000000000000231a       0xa0 App/app_button.o
                0x000000000000231a                app_button_update

.text.LCD_Init  0x00000000000023ba       0x7a
 .text.LCD_Init
                0x00000000000023ba       0x7a Driver/Devices/lcd_16_2_4bit.o
                0x00000000000023ba                LCD_Init

.text           0x0000000000002434       0x7a
 .text          0x0000000000002434       0x7a c:/program files/microchip/xc8/v2.36/avr/bin/../lib/gcc/avr/5.4.0/../../../../avr/lib/avr5/memx-const\libm.a(floatsisf.o)
                0x0000000000002434                __floatunsisf
                0x0000000000002438                __floatsisf

.text.UART_init
                0x00000000000024ae       0x64
 .text.UART_init
                0x00000000000024ae       0x64 Driver/Components/uart.o
                0x00000000000024ae                UART_init

.text._atoi     0x0000000000002512       0x64
 .text._atoi    0x0000000000002512       0x64 MiddleWare/printf/printf.o

.text.__vector_13
                0x0000000000002576       0x60
 .text.__vector_13
                0x0000000000002576       0x60 BSP/bsp_timer.o
                0x0000000000002576                __vector_13

.text           0x00000000000025d6       0x5e
 .text          0x00000000000025d6       0x5e c:/program files/microchip/xc8/v2.36/avr/bin/../lib/gcc/avr/5.4.0/../../../../avr/lib/avr5/memx-const\libm.a(fixunssfsi.o)
                0x00000000000025d6                __fixunssfsi

.text.BSP_Timer1_Init
                0x0000000000002634       0x4c
 .text.BSP_Timer1_Init
                0x0000000000002634       0x4c BSP/bsp_timer.o
                0x0000000000002634                BSP_Timer1_Init

.text           0x0000000000002680       0x48
 .text          0x0000000000002680       0x48 c:/program files/microchip/xc8/v2.36/avr/bin/../lib/gcc/avr/5.4.0/../../../../avr/lib/avr5/memx-const\libm.a(fp_cmp.o)
                0x0000000000002680                __fp_cmp

.text.LCD_Send  0x00000000000026c8       0x44
 .text.LCD_Send
                0x00000000000026c8       0x44 Driver/Devices/lcd_16_2_4bit.o

.text           0x000000000000270c       0x44
 .text          0x000000000000270c       0x44 c:/program files/microchip/xc8/v2.36/avr/bin/../lib/gcc/avr/5.4.0/../../../../avr/lib/avr5/memx-const\libm.a(fp_split3.o)
                0x000000000000270c                __fp_split3
                0x000000000000271c                __fp_splitA

.text.libgcc.div
                0x0000000000002750       0x44
 .text.libgcc.div
                0x0000000000002750       0x44 c:/program files/microchip/xc8/v2.36/avr/bin/../lib/gcc/avr/5.4.0/avr5/memx-const\libgcc.a(_udivmodsi4.o)
                0x0000000000002750                __udivmodsi4

.text.printf_   0x0000000000002794       0x40
 .text.printf_  0x0000000000002794       0x40 MiddleWare/printf/printf.o
                0x0000000000002794                printf_

.text.libgcc.builtins
                0x00000000000027d4       0x3c
 .text.libgcc.builtins
                0x00000000000027d4       0x3c c:/program files/microchip/xc8/v2.36/avr/bin/../lib/gcc/avr/5.4.0/avr5/memx-const\libgcc.a(_ashrdi3.o)
                0x00000000000027d4                __ashrdi3
                0x00000000000027d8                __lshrdi3

.text.BSP_LCD_Init
                0x0000000000002810       0x32
 .text.BSP_LCD_Init
                0x0000000000002810       0x32 BSP/bsp_lcd.o
                0x0000000000002810                BSP_LCD_Init

.text.LCD_PutString
                0x0000000000002842       0x32
 .text.LCD_PutString
                0x0000000000002842       0x32 Driver/Devices/lcd_16_2_4bit.o
                0x0000000000002842                LCD_PutString

.text.libgcc.builtins
                0x0000000000002874       0x32
 .text.libgcc.builtins
                0x0000000000002874       0x32 c:/program files/microchip/xc8/v2.36/avr/bin/../lib/gcc/avr/5.4.0/avr5/memx-const\libgcc.a(_ashldi3.o)
                0x0000000000002874                __ashldi3

.text.LCD_DelayUs
                0x00000000000028a6       0x2e
 .text.LCD_DelayUs
                0x00000000000028a6       0x2e BSP/bsp_lcd.o
                0x00000000000028a6                LCD_DelayUs

.text.DS1307_readRegister
                0x00000000000028d4       0x2e
 .text.DS1307_readRegister
                0x00000000000028d4       0x2e Driver/Devices/ds1307.o

.text.DS1307_writeRegister
                0x0000000000002902       0x28
 .text.DS1307_writeRegister
                0x0000000000002902       0x28 Driver/Devices/ds1307.o

.text.libgcc.div
                0x000000000000292a       0x28
 .text.libgcc.div
                0x000000000000292a       0x28 c:/program files/microchip/xc8/v2.36/avr/bin/../lib/gcc/avr/5.4.0/avr5/memx-const\libgcc.a(_divmodhi4.o)
                0x000000000000292a                _div
                0x000000000000292a                __divmodhi4

.text.libgcc.div
                0x0000000000002952       0x28
 .text.libgcc.div
                0x0000000000002952       0x28 c:/program files/microchip/xc8/v2.36/avr/bin/../lib/gcc/avr/5.4.0/avr5/memx-const\libgcc.a(_udivmodhi4.o)
                0x0000000000002952                __udivmodhi4

.text.DEC_to_BCD
                0x000000000000297a       0x26
 .text.DEC_to_BCD
                0x000000000000297a       0x26 Driver/Devices/ds1307.o

.text.LCD_DelayMs
                0x00000000000029a0       0x24
 .text.LCD_DelayMs
                0x00000000000029a0       0x24 BSP/bsp_lcd.o
                0x00000000000029a0                LCD_DelayMs

.text.LCD_PulseEnable
                0x00000000000029c4       0x22
 .text.LCD_PulseEnable
                0x00000000000029c4       0x22 Driver/Devices/lcd_16_2_4bit.o

.text           0x00000000000029e6       0x22
 .text          0x00000000000029e6       0x22 c:/program files/microchip/xc8/v2.36/avr/bin/../lib/gcc/avr/5.4.0/../../../../avr/lib/avr5/memx-const\libm.a(fp_round.o)
                0x00000000000029e6                __fp_round

.text.libgcc    0x0000000000002a08       0x20
 .text.libgcc   0x0000000000002a08       0x20 c:/program files/microchip/xc8/v2.36/avr/bin/../lib/gcc/avr/5.4.0/avr5/memx-const\libgcc.a(_negdi2.o)
                0x0000000000002a08                __negdi2

.text.bsp_rtc_init
                0x0000000000002a28       0x1c
 .text.bsp_rtc_init
                0x0000000000002a28       0x1c BSP/bsp_rtc.o
                0x0000000000002a28                bsp_rtc_init

.text.libgcc.div
                0x0000000000002a44       0x1c
 .text.libgcc.div
                0x0000000000002a44       0x1c c:/program files/microchip/xc8/v2.36/avr/bin/../lib/gcc/avr/5.4.0/avr5/memx-const\libgcc.a(_udivdi3.o)
                0x0000000000002a44                __umoddi3
                0x0000000000002a48                __udivdi3
                0x0000000000002a4a                __udivdi3_umoddi3

.text.DS1307_init
                0x0000000000002a60       0x1a
 .text.DS1307_init
                0x0000000000002a60       0x1a Driver/Devices/ds1307.o
                0x0000000000002a60                DS1307_init

.text.libgcc    0x0000000000002a7a       0x18
 .text.libgcc   0x0000000000002a7a       0x18 c:/program files/microchip/xc8/v2.36/avr/bin/../lib/gcc/avr/5.4.0/avr5/memx-const\libgcc.a(_xload_4.o)
                0x0000000000002a7a                __xload_4

.text.libgcc    0x0000000000002a92       0x18
 .text.libgcc   0x0000000000002a92       0x18 c:/program files/microchip/xc8/v2.36/avr/bin/../lib/gcc/avr/5.4.0/avr5/memx-const\libgcc.a(_cmpdi2_s8.o)
                0x0000000000002a92                __cmpdi2_s8

.text.bsp_uart_init
                0x0000000000002aaa       0x16
 .text.bsp_uart_init
                0x0000000000002aaa       0x16 BSP/bsp_uart.o
                0x0000000000002aaa                bsp_uart_init

.text.TWI_init  0x0000000000002ac0       0x16
 .text.TWI_init
                0x0000000000002ac0       0x16 Driver/Components/twi.o
                0x0000000000002ac0                TWI_init

.text.BCD_to_DEC
                0x0000000000002ad6       0x16
 .text.BCD_to_DEC
                0x0000000000002ad6       0x16 Driver/Devices/ds1307.o

.text.exit      0x0000000000002aec       0x16
 .text.exit     0x0000000000002aec       0x16 c:/program files/microchip/xc8/v2.36/avr/bin/../lib/gcc/avr/5.4.0/../../../../avr/lib/avr5/memx-const\libc.a(exit.o)
                0x0000000000002aec                exit

.text.app_button_get_state
                0x0000000000002b02       0x14
 .text.app_button_get_state
                0x0000000000002b02       0x14 App/app_button.o
                0x0000000000002b02                app_button_get_state

.text.LCD_WriteBus4
                0x0000000000002b16       0x14
 .text.LCD_WriteBus4
                0x0000000000002b16       0x14 BSP/bsp_lcd.o
                0x0000000000002b16                LCD_WriteBus4

.text.TWI_writeByte
                0x0000000000002b2a       0x14
 .text.TWI_writeByte
                0x0000000000002b2a       0x14 Driver/Components/twi.o
                0x0000000000002b2a                TWI_writeByte

.text.TWI_readByteWithACK
                0x0000000000002b3e       0x14
 .text.TWI_readByteWithACK
                0x0000000000002b3e       0x14 Driver/Components/twi.o
                0x0000000000002b3e                TWI_readByteWithACK

.text.TWI_readByteWithNACK
                0x0000000000002b52       0x14
 .text.TWI_readByteWithNACK
                0x0000000000002b52       0x14 Driver/Components/twi.o
                0x0000000000002b52                TWI_readByteWithNACK

.text.LCD_GotoXY
                0x0000000000002b66       0x12
 .text.LCD_GotoXY
                0x0000000000002b66       0x12 Driver/Devices/lcd_16_2_4bit.o
                0x0000000000002b66                LCD_GotoXY

.text.TWI_start
                0x0000000000002b78       0x10
 .text.TWI_start
                0x0000000000002b78       0x10 Driver/Components/twi.o
                0x0000000000002b78                TWI_start

.text.bsp_button_init
                0x0000000000002b88        0xe
 .text.bsp_button_init
                0x0000000000002b88        0xe BSP/bsp_button.o
                0x0000000000002b88                bsp_button_init

.text.LCD_RS_HIGH
                0x0000000000002b96        0xe
 .text.LCD_RS_HIGH
                0x0000000000002b96        0xe BSP/bsp_lcd.o
                0x0000000000002b96                LCD_RS_HIGH

.text.LCD_RS_LOW
                0x0000000000002ba4        0xe
 .text.LCD_RS_LOW
                0x0000000000002ba4        0xe BSP/bsp_lcd.o
                0x0000000000002ba4                LCD_RS_LOW

.text.LCD_EN_HIGH
                0x0000000000002bb2        0xe
 .text.LCD_EN_HIGH
                0x0000000000002bb2        0xe BSP/bsp_lcd.o
                0x0000000000002bb2                LCD_EN_HIGH

.text.LCD_EN_LOW
                0x0000000000002bc0        0xe
 .text.LCD_EN_LOW
                0x0000000000002bc0        0xe BSP/bsp_lcd.o
                0x0000000000002bc0                LCD_EN_LOW

.text.UART_sendByte
                0x0000000000002bce        0xe
 .text.UART_sendByte
                0x0000000000002bce        0xe Driver/Components/uart.o
                0x0000000000002bce                UART_sendByte

.text           0x0000000000002bdc        0xe
 .text          0x0000000000002bdc        0xe c:/program files/microchip/xc8/v2.36/avr/bin/../lib/gcc/avr/5.4.0/../../../../avr/lib/avr5/memx-const\libm.a(addsf3.o)
                0x0000000000002bdc                __subsf3
                0x0000000000002bde                __addsf3

.text           0x0000000000002bea        0xe
 .text          0x0000000000002bea        0xe c:/program files/microchip/xc8/v2.36/avr/bin/../lib/gcc/avr/5.4.0/../../../../avr/lib/avr5/memx-const\libm.a(fixsfsi.o)
                0x0000000000002bea                __fixsfsi

.text           0x0000000000002bf8        0xe
 .text          0x0000000000002bf8        0xe c:/program files/microchip/xc8/v2.36/avr/bin/../lib/gcc/avr/5.4.0/../../../../avr/lib/avr5/memx-const\libm.a(fp_pscA.o)
                0x0000000000002bf8                __fp_pscA

.text           0x0000000000002c06        0xe
 .text          0x0000000000002c06        0xe c:/program files/microchip/xc8/v2.36/avr/bin/../lib/gcc/avr/5.4.0/../../../../avr/lib/avr5/memx-const\libm.a(fp_pscB.o)
                0x0000000000002c06                __fp_pscB

.text           0x0000000000002c14        0xe
 .text          0x0000000000002c14        0xe c:/program files/microchip/xc8/v2.36/avr/bin/../lib/gcc/avr/5.4.0/../../../../avr/lib/avr5/memx-const\libm.a(fp_zero.o)
                0x0000000000002c14                __fp_zero
                0x0000000000002c16                __fp_szero

.text.bsp_button_start_get_state
                0x0000000000002c22        0xc
 .text.bsp_button_start_get_state
                0x0000000000002c22        0xc BSP/bsp_button.o
                0x0000000000002c22                bsp_button_start_get_state

.text.LCD_Write4Bits
                0x0000000000002c2e        0xc
 .text.LCD_Write4Bits
                0x0000000000002c2e        0xc Driver/Devices/lcd_16_2_4bit.o

.text           0x0000000000002c3a        0xc
 .text          0x0000000000002c3a        0xc c:/program files/microchip/xc8/v2.36/avr/bin/../lib/gcc/avr/5.4.0/../../../../avr/lib/avr5/memx-const\libm.a(fp_inf.o)
                0x0000000000002c3a                __fp_inf

.text.libgcc    0x0000000000002c46        0xc
 .text.libgcc   0x0000000000002c46        0xc c:/program files/microchip/xc8/v2.36/avr/bin/../lib/gcc/avr/5.4.0/avr5/memx-const\libgcc.a(_tablejump2.o)
                0x0000000000002c46                __tablejump2__

.text           0x0000000000002c52        0xa
 .text          0x0000000000002c52        0xa c:/program files/microchip/xc8/v2.36/avr/bin/../lib/gcc/avr/5.4.0/../../../../avr/lib/avr5/memx-const\libm.a(cmpsf2.o)
                0x0000000000002c52                __nesf2
                0x0000000000002c52                __eqsf2
                0x0000000000002c52                __cmpsf2
                0x0000000000002c52                __ltsf2
                0x0000000000002c52                __lesf2

.text           0x0000000000002c5c        0xa
 .text          0x0000000000002c5c        0xa c:/program files/microchip/xc8/v2.36/avr/bin/../lib/gcc/avr/5.4.0/../../../../avr/lib/avr5/memx-const\libm.a(gesf2.o)
                0x0000000000002c5c                __gesf2
                0x0000000000002c5c                __gtsf2

.text.TWI_stop  0x0000000000002c66        0x8
 .text.TWI_stop
                0x0000000000002c66        0x8 Driver/Components/twi.o
                0x0000000000002c66                TWI_stop

.text.LCD_SendCommand
                0x0000000000002c6e        0x8
 .text.LCD_SendCommand
                0x0000000000002c6e        0x8 Driver/Devices/lcd_16_2_4bit.o
                0x0000000000002c6e                LCD_SendCommand

.text.LCD_SendData
                0x0000000000002c76        0x8
 .text.LCD_SendData
                0x0000000000002c76        0x8 Driver/Devices/lcd_16_2_4bit.o
                0x0000000000002c76                LCD_SendData

.text.LCD_Clear
                0x0000000000002c7e        0x8
 .text.LCD_Clear
                0x0000000000002c7e        0x8 Driver/Devices/lcd_16_2_4bit.o
                0x0000000000002c7e                LCD_Clear

.text._out_char
                0x0000000000002c86        0x8
 .text._out_char
                0x0000000000002c86        0x8 MiddleWare/printf/printf.o

.text           0x0000000000002c8e        0x8
 .text          0x0000000000002c8e        0x8 c:/program files/microchip/xc8/v2.36/avr/bin/../lib/gcc/avr/5.4.0/../../../../avr/lib/avr5/memx-const\libm.a(divsf3.o)
                0x0000000000002c8e                __divsf3

.text           0x0000000000002c96        0x8
 .text          0x0000000000002c96        0x8 c:/program files/microchip/xc8/v2.36/avr/bin/../lib/gcc/avr/5.4.0/../../../../avr/lib/avr5/memx-const\libm.a(mulsf3.o)
                0x0000000000002c96                __mulsf3

.text.bsp_rtc_get_date_time
                0x0000000000002c9e        0x6
 .text.bsp_rtc_get_date_time
                0x0000000000002c9e        0x6 BSP/bsp_rtc.o
                0x0000000000002c9e                bsp_rtc_get_date_time

.text._putchar  0x0000000000002ca4        0x6
 .text._putchar
                0x0000000000002ca4        0x6 BSP/bsp_uart.o
                0x0000000000002ca4                _putchar

.text.LCD_PutChar
                0x0000000000002caa        0x6
 .text.LCD_PutChar
                0x0000000000002caa        0x6 Driver/Devices/lcd_16_2_4bit.o
                0x0000000000002caa                LCD_PutChar

.text           0x0000000000002cb0        0x6
 .text          0x0000000000002cb0        0x6 c:/program files/microchip/xc8/v2.36/avr/bin/../lib/gcc/avr/5.4.0/../../../../avr/lib/avr5/memx-const\libm.a(fp_nan.o)
                0x0000000000002cb0                __fp_nan

.text           0x0000000000002cb6        0x4
 .text          0x0000000000002cb6        0x4 C:/Program Files (x86)/Atmel/Studio/7.0/Packs/atmel/ATmega_DFP/1.7.374/xc8/avr/lib/avr5/memx-const/crtatmega324a.o
                0x0000000000002cb6                __vector_22
                0x0000000000002cb6                __vector_28
                0x0000000000002cb6                __vector_1
                0x0000000000002cb6                __vector_24
                0x0000000000002cb6                __vector_12
                0x0000000000002cb6                __bad_interrupt
                0x0000000000002cb6                __vector_6
                0x0000000000002cb6                __vector_3
                0x0000000000002cb6                __vector_23
                0x0000000000002cb6                __vector_30
                0x0000000000002cb6                __vector_25
                0x0000000000002cb6                __vector_11
                0x0000000000002cb6                __vector_17
                0x0000000000002cb6                __vector_19
                0x0000000000002cb6                __vector_7
                0x0000000000002cb6                __vector_27
                0x0000000000002cb6                __vector_5
                0x0000000000002cb6                __vector_4
                0x0000000000002cb6                __vector_9
                0x0000000000002cb6                __vector_2
                0x0000000000002cb6                __vector_21
                0x0000000000002cb6                __vector_15
                0x0000000000002cb6                __vector_29
                0x0000000000002cb6                __vector_8
                0x0000000000002cb6                __vector_26
                0x0000000000002cb6                __vector_14
                0x0000000000002cb6                __vector_10
                0x0000000000002cb6                __vector_16
                0x0000000000002cb6                __vector_18
                0x0000000000002cb6                __vector_20

.text._Exit     0x0000000000002cba        0x4
 .text._Exit    0x0000000000002cba        0x4 c:/program files/microchip/xc8/v2.36/avr/bin/../lib/gcc/avr/5.4.0/../../../../avr/lib/avr5/memx-const\libc.a(_Exit.o)
                0x0000000000002cba                _Exit

.text._out_null
                0x0000000000002cbe        0x2
 .text._out_null
                0x0000000000002cbe        0x2 MiddleWare/printf/printf.o

.text.__dummy_fini
                0x0000000000002cc0        0x2
 .text.__dummy_fini
                0x0000000000002cc0        0x2 c:/program files/microchip/xc8/v2.36/avr/bin/../lib/gcc/avr/5.4.0/../../../../avr/lib/avr5/memx-const\libc.a(exit.o)
                0x0000000000002cc0                _fini

.text.__dummy_funcs_on_exit
                0x0000000000002cc2        0x2
 .text.__dummy_funcs_on_exit
                0x0000000000002cc2        0x2 c:/program files/microchip/xc8/v2.36/avr/bin/../lib/gcc/avr/5.4.0/../../../../avr/lib/avr5/memx-const\libc.a(exit.o)
                0x0000000000002cc2                __funcs_on_exit

.text.__dummy_simulator_exit
                0x0000000000002cc4        0x2
 .text.__dummy_simulator_exit
                0x0000000000002cc4        0x2 c:/program files/microchip/xc8/v2.36/avr/bin/../lib/gcc/avr/5.4.0/../../../../avr/lib/avr5/memx-const\libc.a(exit.o)
                0x0000000000002cc4                __simulator_exit

.rodata         0x0000000000800102        0x7 load address 0x0000000000002cc6
 .rodata        0x0000000000800102        0x7 App/main.o
